 urnet-tools top   tornado   v3.23.0-fix.32.1   up 3d 4h                                               IDLE    16:04:31
╭ Throughput, 10m ───────────────────────────────────────────────────────────────────────╮╭ Now ───────────────────────╮
│     │                                                                                  ││current   0 B/s             │
│     │                                                                                  ││1m avg    0 B/s             │
│     │                                                                                  ││5m avg    120 B/s           │
│     │                                                                                  ││clients   0                 │
│     │                                                                                  ││sessions  200 pqe / 12 cl   │
│     │                                                                                  ││pressure  ██▊░░░░░░░░░░ 0.21│
│     │                                                                                  ││                            │
│     │                                                                                  ││all 58 proxies dead or      │
│     │                                                                                  ││connecting                  │
│     │                                                                                  │╰────────────────────────────╯
│     │                                                                                  │╭ Resources ─────────────────╮
│     │                                                                                  ││heap  ████▌░░░░░ 1.8/4.0 GiB│
│     │                                                                                  ││gor   1204                  │
│     │                                                                                  │╰────────────────────────────╯
│     │                                                                                  │
│     │                                                                                  │
│     │                                                                                  │
│     │                                                                                  │
│     │                                                                                  │
│     │                                                                                  │
│     │                                                                                  │
│     │                                                                                  │
│     │                                                                                  │
│     │                                                                                  │
│     │                                                                                  │
│     │                                                                                  │
│     │                                                                                  │
│     │                                                                                  │
│     │                                                                                  │
│0 B/s┤⢀⣀⣀⣀⣀⣀⣀⣀⣀⣀⣀⣀⣀⣀⣀⣀⣀⣀⣀⣀⣀⣀⣀⣀⣀⣀⣀⣀⣀⣀⣀⣀⣀⣀⣀⣀⣀⣀⣀⣀⣀⣀⣀⣀⣀⣀⣀⣀⣀⣀⣀⣀⣀⣀⣀⣀⣀⣀⣀⣀⣀⣀⣀⣀⣀⣀⣀⣀⣀⣀⣀⣀⣀⣀⣀⣀⣀⣀⣀⣀⣀⣀│
╰────────────────────────────────────────────────────────────────────────────────────────╯
╭ Proxies ───────────────────────────────────────────────────────────────────────────────╮
│no proxies: direct only                                                                 │
╰────────────────────────────────────────────────────────────────────────────────────────╯
╭ Events ────────────────────────────────────────────────────────────────────────────────╮
│09-16 12:00 restart: unclean                                                            │
╰────────────────────────────────────────────────────────────────────────────────────────╯
 q quit   ? help   m menu   w zoom   - 1s +
