 urnet-tools top   tornado   v3.23.0-fix.32.1   up 3d 4h       DISCONNECTED retry in 2s    16:04:52
╭ Billable, 10m (stale) ─────────────────────────────────────────────╮╭ Now ───────────────────────╮
│30 MiB/s┤          ⣠⣴⣤⡀                   ⢀⣴⣦⣄                    ⣠⣤││billable  38.2 MiB/s        │
│        │       ⣠⣴⣿⣿⣿⣿⣿⣶⣄              ⢀⣤⣾⣿⣿⣿⣿⣷⣦⣀              ⣀⣴⣿⣿⣿││ 1m avg   41.0 MiB/s        │
│15 MiB/s┤    ⣠⣴⣿⣿⣿⣿⣿⣿⣿⣿⣿⣿⣿⣦⣄        ⢀⣤⣾⣿⣿⣿⣿⣿⣿⣿⣿⣿⣿⣷⣦⣀        ⣀⣴⣿⣿⣿⣿⣿⣿││ 5m avg   35.7 MiB/s        │
│        │ ⣀⣴⣾⣿⣿⣿⣿⣿⣿⣿⣿⣿⣿⣿⣿⣿⣿⣿⣿⣦⣄  ⢀⣠⣾⣿⣿⣿⣿⣿⣿⣿⣿⣿⣿⣿⣿⣿⣿⣿⣿⣷⣦⣀  ⣀⣴⣾⣿⣿⣿⣿⣿⣿⣿⣿││total     64.1 MiB/s        │
│        │⣾⣿⣿⣿⣿⣿⣿⣿⣿⣿⣿⣿⣿⣿⣿⣿⣿⣿⣿⣿⣿⣿⣿⣶⣿⣿⣿⣿⣿⣿⣿⣿⣿⣿⣿⣿⣿⣿⣿⣿⣿⣿⣿⣿⣿⣿⣷⣿⣿⣿⣿⣿⣿⣿⣿⣿⣿⣿⣿││ 1m avg   82.0 MiB/s        │
│   0 B/s┤⣿⣿⣿⣿⣿⣿⣿⣿⣿⣿⣿⣿⣿⣿⣿⣿⣿⣿⣿⣿⣿⣿⣿⣿⣿⣿⣿⣿⣿⣿⣿⣿⣿⣿⣿⣿⣿⣿⣿⣿⣿⣿⣿⣿⣿⣿⣿⣿⣿⣿⣿⣿⣿⣿⣿⣿⣿⣿⣿││ 5m avg   71.3 MiB/s        │
╰────────────────────────────────────────────────────────────────────╯│billed    45.0 GiB          │
╭ Total traffic, 10m (stale) ────────────────────────────────────────╮│moved     90.0 GiB          │
│50 MiB/s┤          ⣀⣠⣀                     ⣠⣄⡀                    ⢀⣤││clients   212               │
│        │       ⢀⣤⣶⣿⣿⣿⣷⣤⡀               ⣠⣴⣾⣿⣿⣿⣶⣄⡀              ⢀⣠⣶⣿⣿││sessions  200 pqe / 12 cl   │
│25 MiB/s┤    ⢀⣤⣾⣿⣿⣿⣿⣿⣿⣿⣿⣿⣷⣤⣀         ⣀⣴⣿⣿⣿⣿⣿⣿⣿⣿⣿⣿⣶⣄⡀        ⢀⣠⣶⣿⣿⣿⣿⣿││pressure  ██▊░░░░░░░░░░ 0.21│
│        │ ⣀⣤⣾⣿⣿⣿⣿⣿⣿⣿⣿⣿⣿⣿⣿⣿⣿⣿⣷⣦⣀   ⣠⣴⣿⣿⣿⣿⣿⣿⣿⣿⣿⣿⣿⣿⣿⣿⣿⣿⣶⣄⡀  ⢀⣤⣾⣿⣿⣿⣿⣿⣿⣿⣿││                            │
│        │⣾⣿⣿⣿⣿⣿⣿⣿⣿⣿⣿⣿⣿⣿⣿⣿⣿⣿⣿⣿⣿⣿⣷⣶⣿⣿⣿⣿⣿⣿⣿⣿⣿⣿⣿⣿⣿⣿⣿⣿⣿⣿⣿⣿⣿⣿⣷⣾⣿⣿⣿⣿⣿⣿⣿⣿⣿⣿⣿││                            │
│   0 B/s┤⣿⣿⣿⣿⣿⣿⣿⣿⣿⣿⣿⣿⣿⣿⣿⣿⣿⣿⣿⣿⣿⣿⣿⣿⣿⣿⣿⣿⣿⣿⣿⣿⣿⣿⣿⣿⣿⣿⣿⣿⣿⣿⣿⣿⣿⣿⣿⣿⣿⣿⣿⣿⣿⣿⣿⣿⣿⣿⣿││                            │
╰────────────────────────────────────────────────────────────────────╯╰────────────────────────────╯
╭ Proxies ───────────────────────────────────────────────────────────╮╭ Resources ─────────────────╮
│up         ████████████████████████████████████████████████████▎░ 58││heap  ████▌░░░░░ 1.8/4.0 GiB│
│degraded   █▉░░░░░░░░░░░░░░░░░░░░░░░░░░░░░░░░░░░░░░░░░░░░░░░░░░░░░ 2││fds   ░░░░░░░░░░░░ 310/65536│
│connecting ░░░░░░░░░░░░░░░░░░░░░░░░░░░░░░░░░░░░░░░░░░░░░░░░░░░░░░░ 0││rss   2.1 GiB               │
│dead       ░░░░░░░░░░░░░░░░░░░░░░░░░░░░░░░░░░░░░░░░░░░░░░░░░░░░░░░ 0││gor   1204                  │
╰────────────────────────────────────────────────────────────────────╯│                            │
╭ Events ────────────────────────────────────────────────────────────╮│                            │
│16:04 lost the provider: dial unix /state/tornado/provider.sock: co…││                            │
│09-16 12:00 restart: update (v3.23.0-fix.32.0 to v3.23.0-fix.32.1)  ││                            │
│                                                                    ││                            │
│                                                                    ││                            │
╰────────────────────────────────────────────────────────────────────╯╰────────────────────────────╯
 q quit   ? help   +/- rate 1s
