 urnet-tools top   tornado   v3.23.0-fix.32.1   up 3d 4h                                            FLOWING    16:04:31
╭ Billable, 10m ─────────────────────────────────────────────────────────────────────────╮╭ Now ───────────────────────╮
│40 MiB/s┤                                                                               ││billable  38.2 MiB/s        │
│        │                                                                               ││ 1m avg   41.0 MiB/s        │
│        │                                                                               ││ 5m avg   35.7 MiB/s        │
│        │               ⣠⣄⡀                            ⢀⣤⣀                            ⢀⣤││total     64.1 MiB/s        │
│        │            ⣠⣴⣿⣿⣿⣿⣦⡀                       ⢀⣤⣾⣿⣿⣿⣷⣄                        ⣠⣴⣾⣿││ 1m avg   82.0 MiB/s        │
│20 MiB/s┤         ⢀⣴⣾⣿⣿⣿⣿⣿⣿⣿⣿⣶⣄                   ⣠⣶⣿⣿⣿⣿⣿⣿⣿⣿⣿⣶⣀                  ⢀⣤⣾⣿⣿⣿⣿││ 5m avg   71.3 MiB/s        │
│        │       ⣠⣾⣿⣿⣿⣿⣿⣿⣿⣿⣿⣿⣿⣿⣿⣿⣶⣀             ⢀⣰⣾⣿⣿⣿⣿⣿⣿⣿⣿⣿⣿⣿⣿⣿⣷⣤⡀             ⣠⣶⣿⣿⣿⣿⣿⣿⣿││billed    45.0 GiB          │
│        │    ⢀⣶⣿⣿⣿⣿⣿⣿⣿⣿⣿⣿⣿⣿⣿⣿⣿⣿⣿⣿⣿⣷⣦⡀        ⣤⣴⣿⣿⣿⣿⣿⣿⣿⣿⣿⣿⣿⣿⣿⣿⣿⣿⣿⣿⣿⣶⣄        ⢀⣴⣾⣿⣿⣿⣿⣿⣿⣿⣿⣿││moved     90.0 GiB          │
│        │ ⢀⣤⣼⣿⣿⣿⣿⣿⣿⣿⣿⣿⣿⣿⣿⣿⣿⣿⣿⣿⣿⣿⣿⣿⣿⣿⣿⣷⣄⡀  ⣀⣼⣿⣿⣿⣿⣿⣿⣿⣿⣿⣿⣿⣿⣿⣿⣿⣿⣿⣿⣿⣿⣿⣿⣿⣿⣿⣦⣀   ⣠⣾⣿⣿⣿⣿⣿⣿⣿⣿⣿⣿⣿⣿││clients   212               │
│        │⣶⣿⣿⣿⣿⣿⣿⣿⣿⣿⣿⣿⣿⣿⣿⣿⣿⣿⣿⣿⣿⣿⣿⣿⣿⣿⣿⣿⣿⣿⣿⣶⣾⣿⣿⣿⣿⣿⣿⣿⣿⣿⣿⣿⣿⣿⣿⣿⣿⣿⣿⣿⣿⣿⣿⣿⣿⣿⣿⣿⣿⣿⣷⣾⣿⣿⣿⣿⣿⣿⣿⣿⣿⣿⣿⣿⣿⣿⣿││sessions  200 pqe / 12 cl   │
│        │⣿⣿⣿⣿⣿⣿⣿⣿⣿⣿⣿⣿⣿⣿⣿⣿⣿⣿⣿⣿⣿⣿⣿⣿⣿⣿⣿⣿⣿⣿⣿⣿⣿⣿⣿⣿⣿⣿⣿⣿⣿⣿⣿⣿⣿⣿⣿⣿⣿⣿⣿⣿⣿⣿⣿⣿⣿⣿⣿⣿⣿⣿⣿⣿⣿⣿⣿⣿⣿⣿⣿⣿⣿⣿⣿⣿⣿⣿⣿││pressure  ██▊░░░░░░░░░░ 0.21│
│   0 B/s┤⣿⣿⣿⣿⣿⣿⣿⣿⣿⣿⣿⣿⣿⣿⣿⣿⣿⣿⣿⣿⣿⣿⣿⣿⣿⣿⣿⣿⣿⣿⣿⣿⣿⣿⣿⣿⣿⣿⣿⣿⣿⣿⣿⣿⣿⣿⣿⣿⣿⣿⣿⣿⣿⣿⣿⣿⣿⣿⣿⣿⣿⣿⣿⣿⣿⣿⣿⣿⣿⣿⣿⣿⣿⣿⣿⣿⣿⣿⣿││                            │
╰────────────────────────────────────────────────────────────────────────────────────────╯│                            │
╭ Total traffic, 10m ────────────────────────────────────────────────────────────────────╮│                            │
│60 MiB/s┤                                                                               │╰────────────────────────────╯
│        │                                                                               │╭ Resources ─────────────────╮
│        │                                                                               ││heap  ████▌░░░░░ 1.8/4.0 GiB│
│        │              ⣀⣴⣶⣄                           ⢀⣰⣿⣤⡀                           ⢠⣶││fds   ░░░░░░░░░░░░ 310/65536│
│        │            ⣤⣾⣿⣿⣿⣿⣷⣄                       ⢀⣶⣿⣿⣿⣿⣷⣦                       ⢀⣠⣾⣿⣿││rss   2.1 GiB               │
│        │         ⢀⣴⣾⣿⣿⣿⣿⣿⣿⣿⣿⣷⣄                   ⣠⣾⣿⣿⣿⣿⣿⣿⣿⣿⣿⣶⡀                  ⢀⣤⣾⣿⣿⣿⣿│╰────────────────────────────╯
│30 MiB/s┤       ⣀⣴⣿⣿⣿⣿⣿⣿⣿⣿⣿⣿⣿⣿⣿⣷⣤⡀              ⣠⣾⣿⣿⣿⣿⣿⣿⣿⣿⣿⣿⣿⣿⣿⣷⣄              ⢀⣴⣿⣿⣿⣿⣿⣿⣿│╭ Goroutines ────────────────╮
│        │     ⣄⣾⣿⣿⣿⣿⣿⣿⣿⣿⣿⣿⣿⣿⣿⣿⣿⣿⣿⣿⣦⣄         ⢀⣠⣿⣿⣿⣿⣿⣿⣿⣿⣿⣿⣿⣿⣿⣿⣿⣿⣿⣿⣿⣤⡀         ⣠⣾⣿⣿⣿⣿⣿⣿⣿⣿⣿││collecting the goroutine pro│
│        │   ⣰⣾⣿⣿⣿⣿⣿⣿⣿⣿⣿⣿⣿⣿⣿⣿⣿⣿⣿⣿⣿⣿⣿⣿⣧⣄     ⣠⣴⣿⣿⣿⣿⣿⣿⣿⣿⣿⣿⣿⣿⣿⣿⣿⣿⣿⣿⣿⣿⣿⣿⣿⣶⡀     ⣠⣾⣿⣿⣿⣿⣿⣿⣿⣿⣿⣿⣿││                            │
│        │⢀⣴⣿⣿⣿⣿⣿⣿⣿⣿⣿⣿⣿⣿⣿⣿⣿⣿⣿⣿⣿⣿⣿⣿⣿⣿⣿⣿⣿⣷⣦⡀⣠⣶⣿⣿⣿⣿⣿⣿⣿⣿⣿⣿⣿⣿⣿⣿⣿⣿⣿⣿⣿⣿⣿⣿⣿⣿⣿⣿⣿⣷⣄⢠⣤⣾⣿⣿⣿⣿⣿⣿⣿⣿⣿⣿⣿⣿⣿││                            │
│        │⣿⣿⣿⣿⣿⣿⣿⣿⣿⣿⣿⣿⣿⣿⣿⣿⣿⣿⣿⣿⣿⣿⣿⣿⣿⣿⣿⣿⣿⣿⣿⣿⣿⣿⣿⣿⣿⣿⣿⣿⣿⣿⣿⣿⣿⣿⣿⣿⣿⣿⣿⣿⣿⣿⣿⣿⣿⣿⣿⣿⣿⣿⣿⣿⣿⣿⣿⣿⣿⣿⣿⣿⣿⣿⣿⣿⣿⣿⣿││                            │
│        │⣿⣿⣿⣿⣿⣿⣿⣿⣿⣿⣿⣿⣿⣿⣿⣿⣿⣿⣿⣿⣿⣿⣿⣿⣿⣿⣿⣿⣿⣿⣿⣿⣿⣿⣿⣿⣿⣿⣿⣿⣿⣿⣿⣿⣿⣿⣿⣿⣿⣿⣿⣿⣿⣿⣿⣿⣿⣿⣿⣿⣿⣿⣿⣿⣿⣿⣿⣿⣿⣿⣿⣿⣿⣿⣿⣿⣿⣿⣿││                            │
│   0 B/s┤⣿⣿⣿⣿⣿⣿⣿⣿⣿⣿⣿⣿⣿⣿⣿⣿⣿⣿⣿⣿⣿⣿⣿⣿⣿⣿⣿⣿⣿⣿⣿⣿⣿⣿⣿⣿⣿⣿⣿⣿⣿⣿⣿⣿⣿⣿⣿⣿⣿⣿⣿⣿⣿⣿⣿⣿⣿⣿⣿⣿⣿⣿⣿⣿⣿⣿⣿⣿⣿⣿⣿⣿⣿⣿⣿⣿⣿⣿⣿││                            │
╰────────────────────────────────────────────────────────────────────────────────────────╯│                            │
╭ Proxies ───────────────────────────────────────────────────────────────────────────────╮│                            │
│up         ███████████████████████████████████████████████████████████████████████▌░░ 58││                            │
│degraded   ██▌░░░░░░░░░░░░░░░░░░░░░░░░░░░░░░░░░░░░░░░░░░░░░░░░░░░░░░░░░░░░░░░░░░░░░░░░ 2││                            │
│connecting ░░░░░░░░░░░░░░░░░░░░░░░░░░░░░░░░░░░░░░░░░░░░░░░░░░░░░░░░░░░░░░░░░░░░░░░░░░░ 0││                            │
│dead       ░░░░░░░░░░░░░░░░░░░░░░░░░░░░░░░░░░░░░░░░░░░░░░░░░░░░░░░░░░░░░░░░░░░░░░░░░░░ 0││                            │
╰────────────────────────────────────────────────────────────────────────────────────────╯│                            │
╭ Events ────────────────────────────────────────────────────────────────────────────────╮│                            │
│09-16 12:00 restart: update (v3.23.0-fix.32.0 to v3.23.0-fix.32.1)                      ││                            │
╰────────────────────────────────────────────────────────────────────────────────────────╯╰────────────────────────────╯
 q quit   ? help   m menu   w zoom   g goroutines   - 1s +
