╭ urnet-tools top ───────────────────────────────╮
│FLOWING 38.2 MiB/s                              │
│clients 212  up 58/60                           │
│▃▃▄▄▅▆▆▇▇▇▇▇▆▆▅▅▄▄▃▃▃▄▄▅▅▆▆▇█▇▇▆▆▅▅▄▄▃▃▃▄▄▅▅▆▆▇▇│
│                                                │
│                                                │
│                                                │
│                                                │
│                                                │
│                                                │
│q quit, enlarge for the full view               │
╰────────────────────────────────────────────────╯
