 urnet-tools top   tornado                                     DISCONNECTED retry in 3s    16:04:31
╭ Throughput ────────────────────────────────────────────────────────╮╭ Now ───────────────────────╮
│no data: dial unix /state/tornado/provider.sock: connect: no such f…││no data                     │
│                                                                    ││                            │
│                                                                    ││                            │
│                                                                    ││                            │
│                                                                    ││                            │
│                                                                    ││                            │
│                                                                    ││                            │
│                                                                    ││                            │
│                                                                    ││                            │
│                                                                    │╰────────────────────────────╯
│                                                                    │╭ Resources ─────────────────╮
│                                                                    ││no data                     │
│                                                                    ││                            │
│                                                                    ││                            │
╰────────────────────────────────────────────────────────────────────╯│                            │
╭ Proxies ───────────────────────────────────────────────────────────╮│                            │
│no data                                                             ││                            │
│                                                                    ││                            │
│                                                                    ││                            │
│                                                                    ││                            │
╰────────────────────────────────────────────────────────────────────╯│                            │
╭ Events ────────────────────────────────────────────────────────────╮│                            │
│16:04 provider not answering: dial unix /state/tornado/provider.soc…││                            │
│                                                                    ││                            │
│                                                                    ││                            │
│                                                                    ││                            │
╰────────────────────────────────────────────────────────────────────╯╰────────────────────────────╯
 q quit   ? help   +/- rate 1s
