 urnet-tools top   tornado                                                   CONNECTING    16:04:31
╭ Throughput ────────────────────────────────────────────────────────╮╭ Now ───────────────────────╮
│waiting for the provider                                            ││no data                     │
│                                                                    ││                            │
│                                                                    ││                            │
│                                                                    ││                            │
│                                                                    ││                            │
│                                                                    ││                            │
│                                                                    ││                            │
│                                                                    ││                            │
│                                                                    ││                            │
│                                                                    │╰────────────────────────────╯
│                                                                    │╭ Resources ─────────────────╮
│                                                                    ││no data                     │
│                                                                    ││                            │
│                                                                    ││                            │
╰────────────────────────────────────────────────────────────────────╯│                            │
╭ Proxies ───────────────────────────────────────────────────────────╮│                            │
│no data                                                             ││                            │
│                                                                    ││                            │
│                                                                    ││                            │
│                                                                    ││                            │
╰────────────────────────────────────────────────────────────────────╯│                            │
╭ Events ────────────────────────────────────────────────────────────╮│                            │
│                                                                    ││                            │
│                                                                    ││                            │
│                                                                    ││                            │
│                                                                    ││                            │
╰────────────────────────────────────────────────────────────────────╯╰────────────────────────────╯
 q quit   ? help   m menu   w zoom   +/- rate 1s
