+ urnet-tools top ---------------------+
|IDLE 0 B/s                            |
|clients 0  up 0/58                    |
|______________________________________|
|                                      |
|                                      |
|q quit, enlarge for the full view     |
+--------------------------------------+
