 urnet-tools top   tornado   v3.23.0-fix.32.1   up 3d 4h                                            FLOWING    16:04:46
╭ Billable, last 15s ────────────────────────────────────────────────────────────────────╮╭ Now ───────────────────────╮
│200 MiB/s┤                                                                              ││billable  46.6 MiB/s        │
│         │                                                                              ││ 1m avg   41.0 MiB/s        │
│         │                                                  ⢀⣀⣀⣠⣤⣤⣴⣶                    ││ 5m avg   35.7 MiB/s        │
│         │                                                 ⢸⣿⣿⣿⣿⣿⣿⣿⣿                    ││total     93.3 MiB/s        │
│         │                                                 ⢸⣿⣿⣿⣿⣿⣿⣿⣿⡄                   ││ 1m avg   82.0 MiB/s        │
│100 MiB/s┤                                                 ⣿⣿⣿⣿⣿⣿⣿⣿⣿⡇                   ││ 5m avg   71.3 MiB/s        │
│         │                                                 ⣿⣿⣿⣿⣿⣿⣿⣿⣿⣧                   ││billed    45.0 GiB          │
│         │                                                ⢸⣿⣿⣿⣿⣿⣿⣿⣿⣿⣿                   ││moved     90.0 GiB          │
│         │                                                ⢸⣿⣿⣿⣿⣿⣿⣿⣿⣿⣿⣀⣀⣀⣀⣀⣀⣀⣀⣤⣤⣤⣤⣤⣤⣤⣤⣤⣤⣤││clients   212               │
│         │       ⢀⣀⣀⣀⣀⣀⣀⣀⣀⣀⣀⣀⣠⣤⣤⣤⣤⣤⣤⣤⣤⣤⣤⣤⣶⣶⣶⣶⣶⣶⣶⣶⣶⣶⣶⣶⣿⣿⣿⣿⣿⣿⣿⣿⣿⣿⣿⣿⣿⣿⣿⣿⣿⣿⣿⣿⣿⣿⣿⣿⣿⣿⣿⣿⣿⣿⣿⣿⣿⣿⣿││sessions  200 pqe / 12 cl   │
│    0 B/s┤   ⢸⣿⣿⣿⣿⣿⣿⣿⣿⣿⣿⣿⣿⣿⣿⣿⣿⣿⣿⣿⣿⣿⣿⣿⣿⣿⣿⣿⣿⣿⣿⣿⣿⣿⣿⣿⣿⣿⣿⣿⣿⣿⣿⣿⣿⣿⣿⣿⣿⣿⣿⣿⣿⣿⣿⣿⣿⣿⣿⣿⣿⣿⣿⣿⣿⣿⣿⣿⣿⣿⣿⣿⣿⣿⣿││pressure  ██▊░░░░░░░░░░ 0.21│
╰────────────────────────────────────────────────────────────────────────────────────────╯│                            │
╭ Total traffic, last 15s ───────────────────────────────────────────────────────────────╮│                            │
│400 MiB/s┤                                                                              ││                            │
│         │                                                                              │╰────────────────────────────╯
│         │                                                  ⢀⣀⣀⣠⣤⣤⣴⣶                    │╭ Resources ─────────────────╮
│         │                                                 ⢸⣿⣿⣿⣿⣿⣿⣿⣿                    ││heap  ████▌░░░░░ 1.8/4.0 GiB│
│         │                                                 ⢸⣿⣿⣿⣿⣿⣿⣿⣿⡄                   ││fds   ░░░░░░░░░░░░ 310/65536│
│200 MiB/s┤                                                 ⣿⣿⣿⣿⣿⣿⣿⣿⣿⡇                   ││rss   2.1 GiB               │
│         │                                                 ⣿⣿⣿⣿⣿⣿⣿⣿⣿⣧                   ││gor   1204                  │
│         │                                                ⢸⣿⣿⣿⣿⣿⣿⣿⣿⣿⣿                   ││                            │
│         │                                                ⢸⣿⣿⣿⣿⣿⣿⣿⣿⣿⣿⣀⣀⣀⣀⣀⣀⣀⣀⣤⣤⣤⣤⣤⣤⣤⣤⣤⣤⣤││                            │
│         │       ⢀⣀⣀⣀⣀⣀⣀⣀⣀⣀⣀⣀⣠⣤⣤⣤⣤⣤⣤⣤⣤⣤⣤⣤⣶⣶⣶⣶⣶⣶⣶⣶⣶⣶⣶⣶⣿⣿⣿⣿⣿⣿⣿⣿⣿⣿⣿⣿⣿⣿⣿⣿⣿⣿⣿⣿⣿⣿⣿⣿⣿⣿⣿⣿⣿⣿⣿⣿⣿⣿⣿││                            │
│    0 B/s┤   ⢸⣿⣿⣿⣿⣿⣿⣿⣿⣿⣿⣿⣿⣿⣿⣿⣿⣿⣿⣿⣿⣿⣿⣿⣿⣿⣿⣿⣿⣿⣿⣿⣿⣿⣿⣿⣿⣿⣿⣿⣿⣿⣿⣿⣿⣿⣿⣿⣿⣿⣿⣿⣿⣿⣿⣿⣿⣿⣿⣿⣿⣿⣿⣿⣿⣿⣿⣿⣿⣿⣿⣿⣿⣿⣿││                            │
╰────────────────────────────────────────────────────────────────────────────────────────╯│                            │
╭ Proxies ───────────────────────────────────────────────────────────────────────────────╮│                            │
│up         ███████████████████████████████████████████████████████████████████████▌░░ 58││                            │
│degraded   ██▌░░░░░░░░░░░░░░░░░░░░░░░░░░░░░░░░░░░░░░░░░░░░░░░░░░░░░░░░░░░░░░░░░░░░░░░░ 2││                            │
│connecting ░░░░░░░░░░░░░░░░░░░░░░░░░░░░░░░░░░░░░░░░░░░░░░░░░░░░░░░░░░░░░░░░░░░░░░░░░░░ 0││                            │
│dead       ░░░░░░░░░░░░░░░░░░░░░░░░░░░░░░░░░░░░░░░░░░░░░░░░░░░░░░░░░░░░░░░░░░░░░░░░░░░ 0││                            │
╰────────────────────────────────────────────────────────────────────────────────────────╯│                            │
╭ Events ────────────────────────────────────────────────────────────────────────────────╮│                            │
│09-16 12:00 restart: update (v3.23.0-fix.32.0 to v3.23.0-fix.32.1)                      ││                            │
│                                                                                        ││                            │
│                                                                                        ││                            │
│                                                                                        ││                            │
╰────────────────────────────────────────────────────────────────────────────────────────╯╰────────────────────────────╯
 q quit   ? help   m menu   w zoom   - 100ms +
