 urnet-tools top   tornado   v3.23.0-fix.32.1   up 3d 4h    FLOWING    16:04:31
╭ Throughput, 10m ───────────────────────────────╮╭ Now ───────────────────────╮
│30 MiB/s┤       ⣠⣄              ⣤⡀             ⢠││current   38.2 MiB/s        │
│        │     ⢀⣼⣿⣿⣆           ⣠⣾⣿⣷⡄           ⣴⣿││1m avg    41.0 MiB/s        │
│        │    ⣠⣾⣿⣿⣿⣿⣷⡀        ⣴⣿⣿⣿⣿⣿⣆        ⢀⣾⣿⣿││5m avg    35.7 MiB/s        │
│15 MiB/s┤  ⢀⣴⣿⣿⣿⣿⣿⣿⣿⣿⣆     ⢀⣾⣿⣿⣿⣿⣿⣿⣿⣷⡄     ⣰⣿⣿⣿⣿││clients   212               │
│        │ ⢠⣾⣿⣿⣿⣿⣿⣿⣿⣿⣿⣿⣧⡀  ⣴⣿⣿⣿⣿⣿⣿⣿⣿⣿⣿⣿⣦  ⢀⣼⣿⣿⣿⣿⣿││sessions  200 pqe / 12 cl   │
│        │⣴⣿⣿⣿⣿⣿⣿⣿⣿⣿⣿⣿⣿⣿⣿⣄⣾⣿⣿⣿⣿⣿⣿⣿⣿⣿⣿⣿⣿⣿⣷⣴⣿⣿⣿⣿⣿⣿⣿││pressure  ██▊░░░░░░░░░░ 0.21│
│        │⣿⣿⣿⣿⣿⣿⣿⣿⣿⣿⣿⣿⣿⣿⣿⣿⣿⣿⣿⣿⣿⣿⣿⣿⣿⣿⣿⣿⣿⣿⣿⣿⣿⣿⣿⣿⣿⣿⣿││                            │
│   0 B/s┤⣿⣿⣿⣿⣿⣿⣿⣿⣿⣿⣿⣿⣿⣿⣿⣿⣿⣿⣿⣿⣿⣿⣿⣿⣿⣿⣿⣿⣿⣿⣿⣿⣿⣿⣿⣿⣿⣿⣿││                            │
╰────────────────────────────────────────────────╯│                            │
╭ Proxies ───────────────────────────────────────╮╰────────────────────────────╯
│up         ████████████████████████████████▉░ 58│╭ Resources ─────────────────╮
│degraded   █▏░░░░░░░░░░░░░░░░░░░░░░░░░░░░░░░░░ 2││heap  ████▌░░░░░ 1.8/4.0 GiB│
│connecting ░░░░░░░░░░░░░░░░░░░░░░░░░░░░░░░░░░░ 0││fds   ░░░░░░░░░░░░ 310/65536│
│dead       ░░░░░░░░░░░░░░░░░░░░░░░░░░░░░░░░░░░ 0││rss   2.1 GiB               │
╰────────────────────────────────────────────────╯│gor   1204                  │
╭ Events ────────────────────────────────────────╮│                            │
│09-16 12:00 restart: update (v3.23.0-fix.32.0 t…││                            │
│                                                ││                            │
│                                                ││                            │
│                                                ││                            │
╰────────────────────────────────────────────────╯╰────────────────────────────╯
 q quit   ? help   +/- rate 1s
