 urnet-tools top   node: tornado   v3.23.0-fix.32.1   up 3d 4h                                      FLOWING    12:04:31
╭ Throughput, 10 min ────────────────────────────────────────────────────────────────────╮╭ Now ───────────────────────╮
│30 MiB/s┤                                                                               ││billable   38.2 MiB/s       │
│        │               ⣠⣆                             ⢀⣾⡀                             ⣤││1m avg     41.0 MiB/s       │
│        │              ⣤⣿⣿⣧                           ⢀⣼⣿⣷⡀                           ⢀⣿││5m avg     35.4 MiB/s       │
│        │             ⢰⣿⣿⣿⣿⡆                          ⣼⣿⣿⣿⣷⡀                         ⢠⣾⣿││clients    212              │
│        │            ⣸⣿⣿⣿⣿⣿⣿⡄                        ⣾⣿⣿⣿⣿⣿⣷                        ⢰⣿⣿⣿││pressure   ██▌░░░░░░░░░ 0.21│
│        │           ⢠⣿⣿⣿⣿⣿⣿⣿⣷⡄                     ⢀⣸⣿⣿⣿⣿⣿⣿⣿⣦⡀                     ⢠⣿⣿⣿⣿││                            │
│        │          ⣰⣿⣿⣿⣿⣿⣿⣿⣿⣿⣿⡄                    ⣾⣿⣿⣿⣿⣿⣿⣿⣿⣿⣿                    ⢠⣿⣿⣿⣿⣿│╰────────────────────────────╯
│        │         ⢰⣿⣿⣿⣿⣿⣿⣿⣿⣿⣿⣿⣷⡀                  ⣶⣿⣿⣿⣿⣿⣿⣿⣿⣿⣿⣿⣧⡀                 ⢀⣿⣿⣿⣿⣿⣿│╭ Resources ─────────────────╮
│        │        ⢰⣿⣿⣿⣿⣿⣿⣿⣿⣿⣿⣿⣿⣿⣷⡄                ⣼⣿⣿⣿⣿⣿⣿⣿⣿⣿⣿⣿⣿⣿⣧                ⢠⣾⣿⣿⣿⣿⣿⣿││heap  ████▌░░░░░ 1.8/4.0 GiB│
│        │       ⣠⣿⣿⣿⣿⣿⣿⣿⣿⣿⣿⣿⣿⣿⣿⣿⣿⡀              ⣸⣿⣿⣿⣿⣿⣿⣿⣿⣿⣿⣿⣿⣿⣿⣿⣧⡀             ⢠⣿⣿⣿⣿⣿⣿⣿⣿││fds   ░░░░░░░░░░░░ 310/65536│
│        │      ⣰⣿⣿⣿⣿⣿⣿⣿⣿⣿⣿⣿⣿⣿⣿⣿⣿⣿⣿⡄            ⣼⣿⣿⣿⣿⣿⣿⣿⣿⣿⣿⣿⣿⣿⣿⣿⣿⣿⣷⡀           ⢀⣿⣿⣿⣿⣿⣿⣿⣿⣿││gor   1204                  │
│15 MiB/s┤     ⣀⣿⣿⣿⣿⣿⣿⣿⣿⣿⣿⣿⣿⣿⣿⣿⣿⣿⣿⣿⣿⡄         ⢀⢰⣿⣿⣿⣿⣿⣿⣿⣿⣿⣿⣿⣿⣿⣿⣿⣿⣿⣿⣿⣧          ⢀⣿⣿⣿⣿⣿⣿⣿⣿⣿⣿││                            │
│        │    ⢠⣿⣿⣿⣿⣿⣿⣿⣿⣿⣿⣿⣿⣿⣿⣿⣿⣿⣿⣿⣿⣿⣿⡄        ⣾⣿⣿⣿⣿⣿⣿⣿⣿⣿⣿⣿⣿⣿⣿⣿⣿⣿⣿⣿⣿⣿⣷        ⢀⣿⣿⣿⣿⣿⣿⣿⣿⣿⣿⣿││                            │
│        │   ⢰⣿⣿⣿⣿⣿⣿⣿⣿⣿⣿⣿⣿⣿⣿⣿⣿⣿⣿⣿⣿⣿⣿⣿⣿⡄     ⢠⣴⣿⣿⣿⣿⣿⣿⣿⣿⣿⣿⣿⣿⣿⣿⣿⣿⣿⣿⣿⣿⣿⣿⣿⣧⡀     ⢀⣾⣿⣿⣿⣿⣿⣿⣿⣿⣿⣿⣿││                            │
│        │  ⣄⣾⣿⣿⣿⣿⣿⣿⣿⣿⣿⣿⣿⣿⣿⣿⣿⣿⣿⣿⣿⣿⣿⣿⣿⣿⣿⡄    ⣼⣿⣿⣿⣿⣿⣿⣿⣿⣿⣿⣿⣿⣿⣿⣿⣿⣿⣿⣿⣿⣿⣿⣿⣿⣿⣇    ⢀⣾⣿⣿⣿⣿⣿⣿⣿⣿⣿⣿⣿⣿││                            │
│        │ ⢠⣿⣿⣿⣿⣿⣿⣿⣿⣿⣿⣿⣿⣿⣿⣿⣿⣿⣿⣿⣿⣿⣿⣿⣿⣿⣿⣿⣷⡄  ⣾⣿⣿⣿⣿⣿⣿⣿⣿⣿⣿⣿⣿⣿⣿⣿⣿⣿⣿⣿⣿⣿⣿⣿⣿⣿⣿⣿⣷  ⢀⣾⣿⣿⣿⣿⣿⣿⣿⣿⣿⣿⣿⣿⣿││                            │
│        │⣠⣿⣿⣿⣿⣿⣿⣿⣿⣿⣿⣿⣿⣿⣿⣿⣿⣿⣿⣿⣿⣿⣿⣿⣿⣿⣿⣿⣿⣿⣿⡄⣸⣿⣿⣿⣿⣿⣿⣿⣿⣿⣿⣿⣿⣿⣿⣿⣿⣿⣿⣿⣿⣿⣿⣿⣿⣿⣿⣿⣿⣿⣷⢰⣾⣿⣿⣿⣿⣿⣿⣿⣿⣿⣿⣿⣿⣿⣿││                            │
│        │⣿⣿⣿⣿⣿⣿⣿⣿⣿⣿⣿⣿⣿⣿⣿⣿⣿⣿⣿⣿⣿⣿⣿⣿⣿⣿⣿⣿⣿⣿⣿⣿⣿⣿⣿⣿⣿⣿⣿⣿⣿⣿⣿⣿⣿⣿⣿⣿⣿⣿⣿⣿⣿⣿⣿⣿⣿⣿⣿⣿⣿⣿⣿⣾⣿⣿⣿⣿⣿⣿⣿⣿⣿⣿⣿⣿⣿⣿⣿││                            │
│        │⣿⣿⣿⣿⣿⣿⣿⣿⣿⣿⣿⣿⣿⣿⣿⣿⣿⣿⣿⣿⣿⣿⣿⣿⣿⣿⣿⣿⣿⣿⣿⣿⣿⣿⣿⣿⣿⣿⣿⣿⣿⣿⣿⣿⣿⣿⣿⣿⣿⣿⣿⣿⣿⣿⣿⣿⣿⣿⣿⣿⣿⣿⣿⣿⣿⣿⣿⣿⣿⣿⣿⣿⣿⣿⣿⣿⣿⣿⣿││                            │
│        │⣿⣿⣿⣿⣿⣿⣿⣿⣿⣿⣿⣿⣿⣿⣿⣿⣿⣿⣿⣿⣿⣿⣿⣿⣿⣿⣿⣿⣿⣿⣿⣿⣿⣿⣿⣿⣿⣿⣿⣿⣿⣿⣿⣿⣿⣿⣿⣿⣿⣿⣿⣿⣿⣿⣿⣿⣿⣿⣿⣿⣿⣿⣿⣿⣿⣿⣿⣿⣿⣿⣿⣿⣿⣿⣿⣿⣿⣿⣿││                            │
│        │⣿⣿⣿⣿⣿⣿⣿⣿⣿⣿⣿⣿⣿⣿⣿⣿⣿⣿⣿⣿⣿⣿⣿⣿⣿⣿⣿⣿⣿⣿⣿⣿⣿⣿⣿⣿⣿⣿⣿⣿⣿⣿⣿⣿⣿⣿⣿⣿⣿⣿⣿⣿⣿⣿⣿⣿⣿⣿⣿⣿⣿⣿⣿⣿⣿⣿⣿⣿⣿⣿⣿⣿⣿⣿⣿⣿⣿⣿⣿││                            │
│        │⣿⣿⣿⣿⣿⣿⣿⣿⣿⣿⣿⣿⣿⣿⣿⣿⣿⣿⣿⣿⣿⣿⣿⣿⣿⣿⣿⣿⣿⣿⣿⣿⣿⣿⣿⣿⣿⣿⣿⣿⣿⣿⣿⣿⣿⣿⣿⣿⣿⣿⣿⣿⣿⣿⣿⣿⣿⣿⣿⣿⣿⣿⣿⣿⣿⣿⣿⣿⣿⣿⣿⣿⣿⣿⣿⣿⣿⣿⣿││                            │
│        │⣿⣿⣿⣿⣿⣿⣿⣿⣿⣿⣿⣿⣿⣿⣿⣿⣿⣿⣿⣿⣿⣿⣿⣿⣿⣿⣿⣿⣿⣿⣿⣿⣿⣿⣿⣿⣿⣿⣿⣿⣿⣿⣿⣿⣿⣿⣿⣿⣿⣿⣿⣿⣿⣿⣿⣿⣿⣿⣿⣿⣿⣿⣿⣿⣿⣿⣿⣿⣿⣿⣿⣿⣿⣿⣿⣿⣿⣿⣿││                            │
│   0 B/s┤⣿⣿⣿⣿⣿⣿⣿⣿⣿⣿⣿⣿⣿⣿⣿⣿⣿⣿⣿⣿⣿⣿⣿⣿⣿⣿⣿⣿⣿⣿⣿⣿⣿⣿⣿⣿⣿⣿⣿⣿⣿⣿⣿⣿⣿⣿⣿⣿⣿⣿⣿⣿⣿⣿⣿⣿⣿⣿⣿⣿⣿⣿⣿⣿⣿⣿⣿⣿⣿⣿⣿⣿⣿⣿⣿⣿⣿⣿⣿││                            │
╰────────────────────────────────────────────────────────────────────────────────────────╯│                            │
╭ Proxies ───────────────────────────────────────────────────────────────────────────────╮│                            │
│up       ████████████████████████████████████████████████████████████████████████▌░░ 97%││                            │
│degraded 3.3%  connecting 0.0%  dead 0.0%                                               ││                            │
│top by billable/s                                                              rate sess││                            │
│proxy-a                                                                   4.1 MiB/s   31││                            │
│proxy-b                                                                   3.8 MiB/s   27││                            │
╰────────────────────────────────────────────────────────────────────────────────────────╯│                            │
╭ Events ────────────────────────────────────────────────────────────────────────────────╮│                            │
│12:03 proxy-c recovered                                                                 ││                            │
│12:01 restart: update to v3.23.0-fix.32.1                                               ││                            │
│11:47 proxy-d lost (dial timeout)                                                       ││                            │
╰────────────────────────────────────────────────────────────────────────────────────────╯╰────────────────────────────╯
 q quit   tab provider   p proxies   r refresh rate   ? help
